TCL: d = 0.00000000000000e+00
TCL: E(abf1) = 1.69499e+166
TCL: E(harmonic1) = 5.04759e+223
TCL: Running cv update
TCL: 
TCL: d = 0.00000000000000e+00
TCL: E(abf1) = 1.69499e+166
TCL: E(harmonic1) = 18000
TCL: Original numsteps 20 will be ignored.
TCL: Running for 20 steps
TCL: d = 1.30566036331419e+01
TCL: E(abf1) = 1.69499e+166
TCL: E(harmonic1) = 139.551
TCL: Running cv colvar d2 value
TCL: 0.00000000000000e+00
TCL: Running cv update
TCL: 
TCL: Running cv colvar d2 value
TCL: 1.30566036331419e+01
TCL: Running for 20 steps
TCL: Running cv colvar d2 value
TCL: 1.23856683573848e+01
TCL: Running cv bias harm2 energy
TCL: 0
TCL: Running cv bias harm2 update
TCL: 3.41736
TCL: Running cv bias harm2 energy
TCL: 3.41736
TCL: Running cv bias harm2 delete
TCL: 
TCL: Running cv colvar d2 delete
TCL: 
