colvars: ----------------------------------------------------------------------
colvars: Please cite Fiorin et al, Mol Phys 2013:
colvars:  http://dx.doi.org/10.1080/00268976.2013.813594
colvars: in any publication based on this calculation.
colvars: SMP parallelism is available.
colvars: ----------------------------------------------------------------------
colvars: Reading new configuration:
colvars: # indexFile = "../Common/15ala2x.ndx"
colvars: The following index groups were read from the index file "../Common/15ala2x.ndx":
colvars:   Protein_HA (162 atoms).
colvars:   Protein_noH_HA (80 atoms).
colvars:   Protein_Backbone_HA (60 atoms).
colvars:   Protein_C-alpha_HA (15 atoms).
colvars:   RMSD_atoms_HA (15 atoms).
colvars:   Protein_HB (162 atoms).
colvars:   Protein_noH_HB (80 atoms).
colvars:   Protein_Backbone_HB (60 atoms).
colvars:   Protein_C-alpha_HB (15 atoms).
colvars:   RMSD_atoms_HB (15 atoms).
colvars:   Protein_C-alpha_1_2 (4 atoms).
colvars:   Protein_C-alpha_9_10 (4 atoms).
colvars:   Protein_C-alpha_1 (2 atoms).
colvars:   group1 (8 atoms).
colvars:   Protein_C-alpha_2 (2 atoms).
colvars:   group2 (8 atoms).
colvars:   Protein_C-alpha_3 (2 atoms).
colvars:   group3 (8 atoms).
colvars:   Protein_C-alpha_4 (2 atoms).
colvars:   group4 (8 atoms).
colvars:   Protein_C-alpha_5 (2 atoms).
colvars:   group5 (8 atoms).
colvars:   Protein_C-alpha_6 (2 atoms).
colvars:   group6 (8 atoms).
colvars:   Protein_C-alpha_7 (2 atoms).
colvars:   group7 (8 atoms).
colvars:   Protein_C-alpha_8 (2 atoms).
colvars:   group8 (8 atoms).
colvars:   Protein_C-alpha_9 (2 atoms).
colvars:   group9 (8 atoms).
colvars:   Protein_C-alpha_10 (2 atoms).
colvars:   group10 (8 atoms).
colvars:   heavy_atoms (160 atoms).
colvars: # smp = on [default]
colvars: # analysis = off [default]
colvars: # colvarsTrajFrequency = 100 [default]
colvars: # colvarsRestartFrequency = 100 [default]
colvars: # colvarsTrajAppend = off [default]
colvars: # scriptedColvarForces = off [default]
colvars: # scriptingAfterBiases = on [default]
colvars: Warning: no collective variables defined.
colvars: Collective variables initialized, 0 in total.
colvars: No collective variables biases were defined.
colvars: ----------------------------------------------------------------------
colvars: Collective variables module (re)initialized.
colvars: ----------------------------------------------------------------------
colvars: ----------------------------------------------------------------------
colvars: Reading new configuration from file "test.in":
colvars: # indexFile = "" [default]
colvars: # smp = on [default]
colvars: # analysis = off [default]
colvars: # colvarsTrajFrequency = 1
colvars: # colvarsRestartFrequency = 100 [default]
colvars: # colvarsTrajAppend = off [default]
colvars: # scriptedColvarForces = off [default]
colvars: # scriptingAfterBiases = on [default]
colvars: ----------------------------------------------------------------------
colvars:   Initializing a new collective variable.
colvars:   # name = "dmat"
colvars:   Initializing a new "distancePairs" component.
colvars:     # componentCoeff = 1 [default]
colvars:     # componentExp = 1 [default]
colvars:     # period = 0 [default]
colvars:     # wrapAround = 0 [default]
colvars:     # scalable = on [default]
colvars:     # forceNoPBC = off [default]
colvars:       Initializing atom group "group1".
colvars:       # indexGroup = "Protein_C-alpha_1"
colvars:       # psfSegID =  [default]
colvars:       # atomsFile = "" [default]
colvars:       # dummyAtom = ( 0 , 0 , 0 ) [default]
colvars:       # enableForces = on [default]
colvars:       # centerReference = off [default]
colvars:       # rotateReference = off [default]
colvars:       # enableFitGradients = on [default]
colvars:       Atom group "group1" defined, 2 atoms initialized: total mass = 24.022, total charge = 0.14.
colvars:       Initializing atom group "group2".
colvars:       # indexGroup = "Protein_C-alpha_2"
colvars:       # psfSegID =  [default]
colvars:       # atomsFile = "" [default]
colvars:       # dummyAtom = ( 0 , 0 , 0 ) [default]
colvars:       # enableForces = on [default]
colvars:       # centerReference = off [default]
colvars:       # rotateReference = off [default]
colvars:       # enableFitGradients = on [default]
colvars:       Atom group "group2" defined, 2 atoms initialized: total mass = 24.022, total charge = 0.14.
colvars:   All components initialized.
colvars:   # width = 0.2
colvars:   # expandBoundaries = off [default]
colvars:   # timeStepFactor = 1 [default]
colvars:   # extendedLagrangian = off [default]
colvars:   # outputValue = on [default]
colvars:   # outputVelocity = off [default]
colvars:   # outputTotalForce = off [default]
colvars:   # outputAppliedForce = off [default]
colvars:   # subtractAppliedForce = off [default]
colvars: ----------------------------------------------------------------------
colvars: Collective variables initialized, 1 in total.
colvars: ----------------------------------------------------------------------
colvars:   Initializing a new "harmonic" instance.
colvars:   # name = "harmonic1" [default]
colvars:   # colvars = { dmat }
colvars:   # outputEnergy = off [default]
colvars:   # forceConstant = 0.01
colvars:   # centers = { ( 5 , 120 , 150 , 5 ) }
colvars:   # targetCenters = { ( 5 , 5 , 5 , 5 ) }
colvars:   # targetForceConstant = 0 [default]
colvars:   # targetNumSteps = 1000
colvars:   # targetNumStages = 0 [default]
colvars:   # targetForceExponent = 1 [default]
colvars:   # outputCenters = off [default]
colvars:   # outputAccumulatedWork = off [default]
colvars:   The force constant for colvar "dmat" will be rescaled to 0.25 according to the specified width.
colvars: ----------------------------------------------------------------------
colvars: Collective variables biases initialized, 1 in total.
colvars: ----------------------------------------------------------------------
colvars: Collective variables module (re)initialized.
colvars: ----------------------------------------------------------------------
colvars: Updating NAMD interface:
colvars: updating atomic data (4 atoms).
colvars: updating group data (0 scalable groups, 0 atoms in total).
colvars: Updating NAMD interface:
colvars: updating atomic data (4 atoms).
colvars: updating group data (0 scalable groups, 0 atoms in total).
colvars: Re-initialized atom group dmat:0/0. 2 atoms: total mass = 24.022.
colvars: Re-initialized atom group dmat:0/1. 2 atoms: total mass = 24.022.
colvars: The restart output state file will be "test.tmp.colvars.state".
colvars: The final output state file will be "test.colvars.state".
colvars: Writing to colvar trajectory file "test.colvars.traj".
colvars: Saving collective variables state to "test.colvars.state".
