colvars: ----------------------------------------------------------------------
colvars: Please cite Fiorin et al, Mol Phys 2013 in any publication based on this calculation.
colvars: ----------------------------------------------------------------------
colvars: Reading new configuration from file "test.in":
colvars: # indexFile = "" [default]
colvars: # analysis = off [default]
colvars: # colvarsTrajFrequency = 1
colvars: # colvarsRestartFrequency = 2000
colvars: # colvarsTrajAppend = off [default]
colvars: ----------------------------------------------------------------------
colvars:   Initializing a new collective variable.
colvars:   # name = rmsd
colvars:   Initializing a new "rmsd" component.
colvars:     # componentCoeff = 1 [default]
colvars:     # componentExp = 1 [default]
colvars:     # period = 0 [default]
colvars:     # wrapAround = 0 [default]
colvars:       Initializing atom group "atoms".
colvars:       # indexGroup = "" [default]
colvars:       # psfSegID =  [default]
colvars:       # atomsFile = "" [default]
colvars:       # dummyAtom = ( 0 , 0 , 0 ) [default]
colvars:       # enableForces = on [default]
colvars:       # centerReference = on
colvars:       # rotateReference = on
colvars:       # enableFitGradients = on [default]
colvars:       Within atom group "atoms":
colvars:       Defining atom group "refPositionsGroup".
colvars:         Initializing atom group "refPositionsGroup".
colvars:         # indexGroup = "" [default]
colvars:         # psfSegID =  [default]
colvars:         # atomsFile = ../Common/da.pdb
colvars:         # atomsCol = O
colvars:         # atomsColValue = 0 [default]
colvars:         # dummyAtom = ( 0 , 0 , 0 ) [default]
colvars:         # enableForces = on [default]
colvars:         # centerReference = off [default]
colvars:         # rotateReference = off [default]
colvars:         # enableFitGradients = on [default]
colvars:         Atom group "refPositionsGroup" defined, 104 atoms initialized: total mass = 727.821, total charge = 6.70552e-08.
colvars:       # refPositions =  [default]
colvars:       # refPositionsFile = ../Common/da.pdb
colvars:       # refPositionsCol = "" [default]
colvars:       Warning: atom group "atoms" will be aligned to a fixed orientation given by the reference positions provided.  If the internal structure of the group changes too much (i.e. its RMSD is comparable to its radius of gyration), the optimal rotation and its gradients may become discontinuous.  If that happens, use refPositionsGroup (or a different definition for it if already defined) to align the coordinates.
colvars:       Atom group "atoms" defined, 4 atoms initialized: total mass = 28.034, total charge = -0.1.
colvars:     The option "refPositionsGroup" (alternative group for fitting) was enabled: Jacobian derivatives of the RMSD will not be calculated.
colvars:     # refPositions =  [default]
colvars:     # refPositionsFile = ../Common/da.pdb
colvars:     # refPositionsCol = "" [default]
colvars:     WARNING: explicit fitting parameters were provided for atom group "atoms".
colvars:   All components initialized.
colvars:   # width = 1 [default]
colvars:   # lowerBoundary = 0
colvars:   # lowerWallConstant = 100
colvars:   # lowerWall = 0 [default]
colvars:   # upperBoundary = 5
colvars:   # upperWallConstant = 100
colvars:   # upperWall = 5 [default]
colvars:   # hardLowerBoundary = off [default]
colvars:   # hardUpperBoundary = off [default]
colvars:   # expandBoundaries = off [default]
colvars:   # extendedLagrangian = off [default]
colvars:   # outputValue = on [default]
colvars:   # outputVelocity = off [default]
colvars:   # outputSystemForce = off [default]
colvars:   # outputAppliedForce = on
colvars: ----------------------------------------------------------------------
colvars: Collective variables initialized, 1 in total.
colvars: ----------------------------------------------------------------------
colvars:   Initializing a new "harmonic" instance.
colvars:   # name = "harmonic1" [default]
colvars:   # colvars = { rmsd }
colvars:   # outputEnergy = off [default]
colvars:   # forceConstant = 100
colvars:   # centers = { 10 }
colvars:   # targetCenters = { 10 } [default]
colvars:   # targetForceConstant = 0 [default]
colvars:   # outputCenters = off [default]
colvars: ----------------------------------------------------------------------
colvars: Collective variables biases initialized, 1 in total.
colvars: ----------------------------------------------------------------------
colvars: Collective variables module (re)initialized.
colvars: ----------------------------------------------------------------------
colvars: Updating NAMD interface:
colvars: updating atomic data (104 atoms).
colvars: updating group data (0 scalable groups, 0 atoms in total).
colvars: Re-initialized atom group rmsd:0/0. 4 atoms: total mass = 28.034.
colvars: The final output state file will be "test.colvars.state".
colvars: Writing to colvar trajectory file "test.colvars.traj".
colvars: Updating NAMD interface:
colvars: updating atomic data (104 atoms).
colvars: updating group data (0 scalable groups, 0 atoms in total).
colvars: Saving collective variables state to "test.colvars.state".
