colvars: ----------------------------------------------------------------------
colvars: Please cite Fiorin et al, Mol Phys 2013:
colvars:  http://dx.doi.org/10.1080/00268976.2013.813594
colvars: in any publication based on this calculation.
colvars: SMP parallelism is available.
colvars: ----------------------------------------------------------------------
colvars: Reading new configuration from file "test.in":
colvars: # indexFile = "../Common/da.ndx"
colvars: The following index groups were read from the index file "../Common/da.ndx":
colvars:   Protein (104 atoms).
colvars:   Protein_noH (51 atoms).
colvars:   Protein_Backbone (40 atoms).
colvars:   Protein_C-alpha (10 atoms).
colvars:   Protein_C-alpha_1_2 (2 atoms).
colvars:   Protein_C-alpha_9_10 (2 atoms).
colvars:   Protein_C-alpha_1 (1 atoms).
colvars:   Protein_C-alpha_2 (1 atoms).
colvars:   Protein_C-alpha_3 (1 atoms).
colvars:   Protein_C-alpha_4 (1 atoms).
colvars:   Protein_C-alpha_5 (1 atoms).
colvars:   Protein_C-alpha_6 (1 atoms).
colvars:   Protein_C-alpha_7 (1 atoms).
colvars:   Protein_C-alpha_8 (1 atoms).
colvars:   Protein_C-alpha_9 (1 atoms).
colvars:   Protein_C-alpha_10 (1 atoms).
colvars: # analysis = off [default]
colvars: # colvarsTrajFrequency = 1
colvars: # colvarsRestartFrequency = 0 [default]
colvars: # colvarsTrajAppend = off [default]
colvars: # scriptedColvarForces = off [default]
colvars: # scriptingAfterBiases = on [default]
colvars: ----------------------------------------------------------------------
colvars:   Initializing a new collective variable.
colvars:   # name = "rmsdA"
colvars:   Initializing a new "rmsd" component.
colvars:     # componentCoeff = 1 [default]
colvars:     # componentExp = 1 [default]
colvars:     # period = 0 [default]
colvars:     # wrapAround = 0 [default]
colvars:     # scalable = on [default]
colvars:     Scalable calculation is not available for group "atoms" with the current configuration.
colvars:       Initializing atom group "atoms".
colvars:       # indexGroup = "Protein_C-alpha"
colvars:       # psfSegID =  [default]
colvars:       # atomsFile = "" [default]
colvars:       # dummyAtom = ( 0 , 0 , 0 ) [default]
colvars:       # enableForces = on [default]
colvars:       # centerReference = off [default]
colvars:       # rotateReference = off [default]
colvars:       # enableFitGradients = on [default]
colvars:       Atom group "atoms" defined, 10 atoms initialized: total mass = 120.11, total charge = 0.53.
colvars:     # refPositions =  [default]
colvars:     # refPositionsFile = "../Common/da.xyz"
colvars:     # refPositionsCol = "" [default]
colvars:     Enabling "centerReference" and "rotateReference", to minimize RMSD before calculating it as a variable: if this is not the desired behavior, disable them explicitly within the "atoms" block.
colvars:     This is a standard minimum RMSD, derivatives of the optimal rotation will not be computed as they cancel out in the gradients.
colvars:   All components initialized.
colvars:   # width = 1
colvars:   # lowerBoundary = 0
colvars:   # lowerWallConstant = 100
colvars:   # lowerWall = 0 [default]
colvars:   # upperBoundary = 5
colvars:   # upperWallConstant = 100
colvars:   # upperWall = 5 [default]
colvars:   # hardLowerBoundary = off [default]
colvars:   # hardUpperBoundary = off [default]
colvars:   # expandBoundaries = off [default]
colvars:   # timeStepFactor = 1 [default]
colvars:   # extendedLagrangian = off [default]
colvars:   # outputValue = on [default]
colvars:   # outputVelocity = off [default]
colvars:   # outputSystemForce = on
colvars:   # outputAppliedForce = off [default]
colvars: ----------------------------------------------------------------------
colvars:   Initializing a new collective variable.
colvars:   # name = "rmsdB"
colvars:   Initializing a new "rmsd" component.
colvars:     # componentCoeff = 1 [default]
colvars:     # componentExp = 1 [default]
colvars:     # period = 0 [default]
colvars:     # wrapAround = 0 [default]
colvars:     # scalable = on [default]
colvars:     Scalable calculation is not available for group "atoms" with the current configuration.
colvars:       Initializing atom group "atoms".
colvars:       # indexGroup = "Protein_C-alpha"
colvars:       # psfSegID =  [default]
colvars:       # atomsFile = "" [default]
colvars:       # dummyAtom = ( 0 , 0 , 0 ) [default]
colvars:       # enableForces = on [default]
colvars:       # centerReference = off [default]
colvars:       # rotateReference = off [default]
colvars:       # enableFitGradients = on [default]
colvars:       Atom group "atoms" defined, 10 atoms initialized: total mass = 120.11, total charge = 0.53.
colvars:     # refPositions =  [default]
colvars:     # refPositionsFile = "../Common/da.xyz"
colvars:     # refPositionsCol = "" [default]
colvars:     Enabling "centerReference" and "rotateReference", to minimize RMSD before calculating it as a variable: if this is not the desired behavior, disable them explicitly within the "atoms" block.
colvars:     This is a standard minimum RMSD, derivatives of the optimal rotation will not be computed as they cancel out in the gradients.
colvars:   All components initialized.
colvars:   # width = 1
colvars:   # lowerBoundary = 0
colvars:   # lowerWallConstant = 100
colvars:   # lowerWall = 0 [default]
colvars:   # upperBoundary = 5
colvars:   # upperWallConstant = 100
colvars:   # upperWall = 5 [default]
colvars:   # hardLowerBoundary = off [default]
colvars:   # hardUpperBoundary = off [default]
colvars:   # expandBoundaries = off [default]
colvars:   # timeStepFactor = 1 [default]
colvars:   # extendedLagrangian = off [default]
colvars:   # outputValue = on [default]
colvars:   # outputVelocity = off [default]
colvars:   # outputSystemForce = on
colvars:   # outputAppliedForce = off [default]
colvars: ----------------------------------------------------------------------
colvars: Collective variables initialized, 2 in total.
colvars: ----------------------------------------------------------------------
colvars:   Initializing a new "harmonic" instance.
colvars:   # name = "harmonic1" [default]
colvars:   # colvars = { rmsdA, rmsdB }
colvars:   # outputEnergy = off [default]
colvars:   # forceConstant = 1
colvars:   # centers = { 0, 0 }
colvars:   # targetCenters = { 0, 0 } [default]
colvars:   # targetForceConstant = 0 [default]
colvars:   # outputCenters = off [default]
colvars: ----------------------------------------------------------------------
colvars: Collective variables biases initialized, 1 in total.
colvars: ----------------------------------------------------------------------
colvars: Collective variables module (re)initialized.
colvars: ----------------------------------------------------------------------
colvars: Updating NAMD interface:
colvars: updating atomic data (10 atoms).
colvars: updating group data (0 scalable groups, 0 atoms in total).
colvars: Re-initialized atom group rmsdA:0/0. 10 atoms: total mass = 120.11.
colvars: Re-initialized atom group rmsdB:0/0. 10 atoms: total mass = 120.11.
colvars: The final output state file will be "test.colvars.state".
colvars: Writing to colvar trajectory file "test.colvars.traj".
colvars: Updating NAMD interface:
colvars: updating atomic data (10 atoms).
colvars: updating group data (0 scalable groups, 0 atoms in total).
colvars: Saving collective variables state to "test.colvars.state".
