Charm++: standalone mode (not using charmrun)
Converse/Charm++ Commit ID: v6.4.0-beta1-0-g5776d21
CharmLB> Load balancer assumes all CPUs are same.
Charm++> Running on 1 unique compute nodes (6-way SMP).
Charm++> cpu topology info is gathered in 0.000 seconds.
Info: NAMD 2.9 for Linux-x86_64-multicore
Info: 
Info: Please visit http://www.ks.uiuc.edu/Research/namd/
Info: for updates, documentation, and support information.
Info: 
Info: Please cite Phillips et al., J. Comp. Chem. 26:1781-1802 (2005)
Info: in all publications reporting results obtained with NAMD.
Info: 
Info: Based on Charm++/Converse 60400 for multicore-linux64
Info: Built Thu Jun 13 17:22:49 EDT 2013 by gfiorin on helicon
Info: 1 NAMD  2.9  Linux-x86_64-multicore  1    helicon  gfiorin
Info: Running on 1 processors, 1 nodes, 1 physical nodes.
Info: CPU topology information available.
Info: Charm++/Converse parallel runtime startup completed at 0.00106692 s
Info: 40.8164 MB of memory in use based on /proc/self/stat
Info: Configuration file is testres.namd
Info: Working in the current directory /home/gfiorin/sources/colvars/namd/tests/library/003_10ala_SMD_restart
TCL: Suspending until startup complete.
Info: SIMULATION PARAMETERS:
Info: TIMESTEP               0.5
Info: NUMBER OF STEPS        10
Info: STEPS PER CYCLE        20
Info: LOAD BALANCER  Centralized
Info: LOAD BALANCING STRATEGY  New Load Balancers -- DEFAULT
Info: LDB PERIOD             4000 steps
Info: FIRST LDB TIMESTEP     100
Info: LAST LDB TIMESTEP     -1
Info: LDB BACKGROUND SCALING 1
Info: HOM BACKGROUND SCALING 1
Info: MIN ATOMS PER PATCH    40
Info: VELOCITY FILE          test.vel
Info: CENTER OF MASS MOVING INITIALLY? NO
Info: DIELECTRIC             1
Info: EXCLUDE                SCALED ONE-FOUR
Info: 1-4 ELECTROSTATICS SCALED BY 1
Info: MODIFIED 1-4 VDW PARAMETERS WILL BE USED
Info: DCD FILENAME           testres.dcd
Info: DCD FREQUENCY          2000
Info: DCD FIRST STEP         2000
Info: NO EXTENDED SYSTEM TRAJECTORY OUTPUT
Info: NO VELOCITY DCD OUTPUT
Info: NO FORCE DCD OUTPUT
Info: OUTPUT FILENAME        testres
Info: RESTART FILENAME       testres
Info: RESTART FREQUENCY      40000
Info: BINARY RESTART FILES WILL BE USED
Info: SWITCHING ACTIVE
Info: SWITCHING ON           9
Info: SWITCHING OFF          11
Info: PAIRLIST DISTANCE      12
Info: PAIRLIST SHRINK RATE   0.01
Info: PAIRLIST GROW RATE     0.01
Info: PAIRLIST TRIGGER       0.3
Info: PAIRLISTS PER CYCLE    2
Info: PAIRLISTS ENABLED
Info: MARGIN                 1
Info: HYDROGEN GROUP CUTOFF  2.8
Info: PATCH DIMENSION        15.8
Info: CROSSTERM ENERGY INCLUDED IN DIHEDRAL
Info: TIMING OUTPUT STEPS    1
Info: COLLECTIVE VARIABLES CALCULATION REQUESTED
Info: COLLECTIVE VARIABLES CONFIGURATION   test.in
Info: COLLECTIVE VARIABLES RESTART INFORMATION   test.colvars.state
Info: LANGEVIN DYNAMICS ACTIVE
Info: LANGEVIN TEMPERATURE   300
Info: LANGEVIN DAMPING COEFFICIENT IS 10 INVERSE PS
Info: LANGEVIN DYNAMICS APPLIED TO HYDROGENS
Info: USING VERLET I (r-RESPA) MTS SCHEME.
Info: C1 SPLITTING OF LONG RANGE ELECTROSTATICS
Info: PLACING ATOMS IN PATCHES BY HYDROGEN GROUPS
Info: RANDOM NUMBER SEED     87654321
Info: USE HYDROGEN BONDS?    NO
Info: COORDINATE PDB         ../Common/da.pdb
Info: STRUCTURE FILE         ../Common/da.psf
Info: PARAMETER file: CHARMM format! 
Info: PARAMETERS             ../Common/par_all22_prot.inp
Info: USING ARITHMETIC MEAN TO COMBINE L-J SIGMA PARAMETERS
Info: BINARY COORDINATES     test.coor
Info: SUMMARY OF PARAMETERS:
Info: 140 BONDS
Info: 356 ANGLES
Info: 459 DIHEDRAL
Info: 43 IMPROPER
Info: 6 CROSSTERM
Info: 95 VDW
Info: 0 VDW_PAIRS
Info: 0 NBTHOLE_PAIRS
Info: TIME FOR READING PSF FILE: 0.00154805
Info: TIME FOR READING PDB FILE: 0.000149012
Info: 
Info: ****************************
Info: STRUCTURE SUMMARY:
Info: 104 ATOMS
Info: 103 BONDS
Info: 183 ANGLES
Info: 251 DIHEDRALS
Info: 22 IMPROPERS
Info: 0 CROSSTERMS
Info: 0 EXCLUSIONS
Info: 312 DEGREES OF FREEDOM
Info: 51 HYDROGEN GROUPS
Info: 4 ATOMS IN LARGEST HYDROGEN GROUP
Info: 51 MIGRATION GROUPS
Info: 4 ATOMS IN LARGEST MIGRATION GROUP
Info: TOTAL MASS = 727.821 amu
Info: TOTAL CHARGE = 6.70552e-08 e
Info: *****************************
Info: Reading from binary file test.coor
Info: 
Info: Entering startup at 0.0123861 s, 56.4141 MB of memory in use
Info: Startup phase 0 took 3.69549e-05 s, 56.4141 MB of memory in use
Info: Startup phase 1 took 0.000159979 s, 56.4141 MB of memory in use
Info: Startup phase 2 took 4.69685e-05 s, 56.4141 MB of memory in use
Info: Startup phase 3 took 3.00407e-05 s, 56.4141 MB of memory in use
Info: PATCH GRID IS 2 BY 1 BY 1
Info: PATCH GRID IS 1-AWAY BY 1-AWAY BY 1-AWAY
Info: Reading from binary file test.vel
Info: REMOVING COM VELOCITY 0.31605 0.123104 0.340516
Info: LARGEST PATCH (1) HAS 54 ATOMS
Info: Startup phase 4 took 0.000137091 s, 56.5781 MB of memory in use
Info: Startup phase 5 took 3.29018e-05 s, 56.5781 MB of memory in use
Info: Startup phase 6 took 2.90871e-05 s, 56.5781 MB of memory in use
LDB: Central LB being created...
Info: Startup phase 7 took 3.60012e-05 s, 56.5781 MB of memory in use
Info: CREATING 19 COMPUTE OBJECTS
Info: NONBONDED TABLE R-SQUARED SPACING: 0.0625
Info: NONBONDED TABLE SIZE: 705 POINTS
Info: ABSOLUTE IMPRECISION IN VDWB TABLE ENERGY: 1.03398e-25 AT 10.9972
Info: RELATIVE IMPRECISION IN VDWB TABLE ENERGY: 1.12007e-16 AT 10.9972
colvars: ----------------------------------------------------------------------
colvars: Initializing the collective variables module, version 2013-06-13.
colvars: # indexFile = "" [default]
colvars: # analysis = off [default]
colvars: # colvarsTrajFrequency = 1
colvars: # colvarsRestartFrequency = 40000 [default]
colvars: # colvarsTrajAppend = off [default]
colvars: The restart output state file will be "testres.colvars.state".
colvars: The final output state file will be "testres.colvars.state".
colvars: Writing to colvar trajectory file "testres.colvars.traj".
colvars: ----------------------------------------------------------------------
colvars:   Initializing a new collective variable.
colvars:   # name = rmsd
colvars:   Initializing a new "rmsd" component.
colvars:     # componentCoeff = 1 [default]
colvars:     # componentExp = 1 [default]
colvars:     # period = 0 [default]
colvars:     # wrapAround = 0 [default]
colvars:       Initializing atom group "atoms".
colvars:       # indexGroup = "" [default]
colvars:       # psfSegID = { BH }
colvars:       # atomsFile = "" [default]
colvars:       # dummyAtom = ( 0 , 0 , 0 ) [default]
colvars:       # enableForces = on [default]
colvars:       # disableForces = off [default]
colvars:       # centerReference = off [default]
colvars:       # rotateReference = off [default]
colvars:       # enableFitGradients = on
colvars:       Atom group "atoms" defined, 10 atoms initialized: total mass = 120.11.
colvars:     # refPositions =  [default]
colvars:     # refPositionsFile = ../Common/da.pdb
colvars:     # refPositionsCol = "" [default]
colvars:     Enabling "centerReference" and "rotateReference", to minimize RMSD before calculating it as a variable: if this is not the desired behavior, disable them explicitly within the "atoms" block.
colvars:   All components initialized.
colvars:   # width = 0.01
colvars:   # lowerBoundary = 0
colvars:   # lowerWallConstant = 0 [default]
colvars:   # upperBoundary = 0.1
colvars:   # upperWallConstant = 10
colvars:   # upperWall = 0.1 [default]
colvars:   # hardLowerBoundary = on
colvars:   # hardUpperBoundary = off [default]
colvars:   # expandBoundaries = on
colvars:   # extendedLagrangian = off [default]
colvars:   # outputValue = on [default]
colvars:   # outputVelocity = off [default]
colvars:   # outputSystemForce = on
colvars:   # outputAppliedForce = on
colvars: ----------------------------------------------------------------------
colvars: Collective variables initialized, 1 in total.
colvars: ----------------------------------------------------------------------
colvars:   Initializing a new "harmonic" instance.
colvars:   # name = "harmonic1" [default]
colvars:   # colvars = { rmsd }
colvars:   # outputEnergy = on
colvars:   # forceConstant = 1 [default]
colvars:   The force constant for colvar "rmsd" will be rescaled to 10000 according to the specified width.
colvars:   # centers = { 0 }
colvars:   # targetCenters = { 0.2 }
colvars:   # targetForceConstant = 0 [default]
colvars:   # targetNumSteps = 20
colvars:   # targetNumStages = 0 [default]
colvars:   # targetForceExponent = 1 [default]
colvars:   # outputCenters = on
colvars:   # outputAccumulatedWork = on
colvars: ----------------------------------------------------------------------
colvars: Collective variables biases initialized, 1 in total.
colvars: ----------------------------------------------------------------------
colvars: Restarting from file "test.colvars.state".
colvars:   Restarting collective variable "rmsd" from value: 0.038264
colvars:   Restarting harmonic bias "harmonic1".
colvars:   # centers = { 0.1 }
colvars:   # centers_raw = { 0.1 }
colvars:   # accumulatedWork = 35.4825
colvars: ----------------------------------------------------------------------
colvars: Collective variables module initialized.
colvars: ----------------------------------------------------------------------
Info: Startup phase 8 took 0.00293994 s, 57.1797 MB of memory in use
Info: Startup phase 9 took 4.19617e-05 s, 57.1797 MB of memory in use
Info: Startup phase 10 took 3.79086e-05 s, 57.6406 MB of memory in use
Info: Finished startup at 0.0159149 s, 57.6406 MB of memory in use

ETITLE:      TS           BOND          ANGLE          DIHED          IMPRP               ELECT            VDW       BOUNDARY           MISC        KINETIC               TOTAL           TEMP      POTENTIAL         TOTAL3        TEMPAVG

ENERGY:       0        25.4997        54.3850        29.7396         4.4824             61.5066       -14.4060         0.0000        19.0566        92.7935            273.0574       299.3321       180.2639       273.1191       299.3321

TIMING: 1  CPU: 0, 0/step  Wall: 0.001091, 0.000326872/step, 8.1718e-07 hours remaining, 57.640625 MB of memory in use.
ENERGY:       1        27.0105        55.3053        29.7157         4.2870             61.4105       -14.4704         0.0000        22.2003        95.3474            280.8064       307.5705       185.4589       281.4997       307.5705

TIMING: 2  CPU: 0.004, 0.004/step  Wall: 0.00147319, 0.000382185/step, 8.493e-07 hours remaining, 57.640625 MB of memory in use.
ENERGY:       2        30.1582        56.6576        29.6913         4.1396             61.3371       -14.5011         0.0000        25.2806        95.5957            288.3592       308.3715       192.7634       288.6626       308.3715

TIMING: 3  CPU: 0.004, 0/step  Wall: 0.00179815, 0.000324965/step, 6.31875e-07 hours remaining, 57.640625 MB of memory in use.
ENERGY:       3        34.2779        58.4589        29.7027         4.0984             61.2868       -14.4960         0.0000        28.3304        94.7600            296.4192       305.6757       201.6592       296.6784       305.6757

TIMING: 4  CPU: 0.004, 0/step  Wall: 0.00211906, 0.000320911/step, 5.34852e-07 hours remaining, 57.640625 MB of memory in use.
ENERGY:       4        38.6863        60.4663        29.7399         4.1455             61.3410       -14.4460         0.0000        31.3430        95.7056            306.9816       308.7260       211.2760       308.1703       308.7260

TIMING: 5  CPU: 0.004, 0/step  Wall: 0.00246119, 0.000342131/step, 4.75181e-07 hours remaining, 57.640625 MB of memory in use.
ENERGY:       5        42.8635        62.6504        29.7853         4.2541             61.4466       -14.3792         0.0000        34.2862        96.6003            317.5071       311.6120       220.9068       318.3120       311.6120

TIMING: 6  CPU: 0.004, 0/step  Wall: 0.00278306, 0.000321865/step, 3.57628e-07 hours remaining, 57.640625 MB of memory in use.
ENERGY:       6        46.0776        64.9341        29.8429         4.4353             61.6119       -14.3058         0.0000        37.0107        99.0485            328.6553       319.5095       229.6068       329.4950       319.5095

TIMING: 7  CPU: 0.004, 0/step  Wall: 0.0031271, 0.000344038/step, 2.86698e-07 hours remaining, 57.640625 MB of memory in use.
ENERGY:       7        48.0132        67.2176        29.9029         4.6775             61.8158       -14.2024         0.0000        39.5008        99.4957            336.4210       320.9522       236.9252       335.4958       320.9522

TIMING: 8  CPU: 0.004, 0/step  Wall: 0.00344801, 0.000320911/step, 1.78284e-07 hours remaining, 57.640625 MB of memory in use.
ENERGY:       8        48.7097        69.2811        29.9376         4.9565             62.0467       -14.0968         0.0000        41.9920       103.7865            346.6133       334.7931       242.8269       346.8113       334.7931

TIMING: 9  CPU: 0.004, 0/step  Wall: 0.00376511, 0.000317097/step, 8.80824e-08 hours remaining, 57.640625 MB of memory in use.
ENERGY:       9        48.7321        71.2942        29.9651         5.2705             62.2747       -13.9987         0.0000        44.3314       108.8411            356.7103       351.0984       247.8692       356.6907       351.0984

colvars: Saving collective variables state to "testres.colvars.state".
TIMING: 10  CPU: 0.004, 0/step  Wall: 0.00416613, 0.00040102/step, 0 hours remaining, 57.640625 MB of memory in use.
ETITLE:      TS           BOND          ANGLE          DIHED          IMPRP               ELECT            VDW       BOUNDARY           MISC        KINETIC               TOTAL           TEMP      POTENTIAL         TOTAL3        TEMPAVG

ENERGY:      10        48.6383        72.9462        29.9766         5.6012             62.5048       -13.9243         0.0000        46.5932       114.7761            367.1122       370.2434       252.3360       367.2159       370.2434

WRITING EXTENDED SYSTEM TO OUTPUT FILE AT STEP 10
WRITING COORDINATES TO OUTPUT FILE AT STEP 10
COORDINATE DCD FILE WAS NOT CREATED
The last position output (seq=-2) takes 0.000 seconds, 57.641 MB of memory in use
WRITING VELOCITIES TO OUTPUT FILE AT STEP 10
The last velocity output (seq=-2) takes 0.000 seconds, 57.641 MB of memory in use
====================================================

WallClock: 0.020200  CPUTime: 0.016000  Memory: 57.640625 MB
Program finished.
