colvars: ----------------------------------------------------------------------
colvars: # indexFile = "" [default]
colvars: # analysis = off [default]
colvars: # colvarsTrajFrequency = 1
colvars: # colvarsRestartFrequency = 40000 [default]
colvars: # colvarsTrajAppend = off [default]
colvars: The restart output state file will be "test.colvars.state".
colvars: The final output state file will be "test.colvars.state".
colvars: The trajectory file will be "test.colvars.traj".
colvars: ----------------------------------------------------------------------
colvars:   Initializing a new collective variable.
colvars:   # name = d
colvars:   Initializing a new "dihedral" component.
colvars:     # componentCoeff = 1 [default]
colvars:     # componentExp = 1 [default]
colvars:     # period = 0 [default]
colvars:     # wrapAround = 0 [default]
colvars:     # oneSiteSystemForce = off [default]
colvars:       Initializing atom group "group1".
colvars:       # indexGroup = "" [default]
colvars:       # psfSegID =  [default]
colvars:       # atomsFile = "" [default]
colvars:       # dummyAtom = ( 0 , 0 , 0 ) [default]
colvars:       # enableForces = on [default]
colvars:       # disableForces = off [default]
colvars:       # centerReference = off [default]
colvars:       # rotateReference = off [default]
colvars:       # enableFitGradients = on [default]
colvars:       Atom group "group1" defined, 1 atoms initialized: total mass = 14.007.
colvars:       Initializing atom group "group2".
colvars:       # indexGroup = "" [default]
colvars:       # psfSegID =  [default]
colvars:       # atomsFile = "" [default]
colvars:       # dummyAtom = ( 0 , 0 , 0 ) [default]
colvars:       # enableForces = on [default]
colvars:       # disableForces = off [default]
colvars:       # centerReference = off [default]
colvars:       # rotateReference = off [default]
colvars:       # enableFitGradients = on [default]
colvars:       Atom group "group2" defined, 1 atoms initialized: total mass = 12.011.
colvars:       Initializing atom group "group3".
colvars:       # indexGroup = "" [default]
colvars:       # psfSegID =  [default]
colvars:       # atomsFile = "" [default]
colvars:       # dummyAtom = ( 0 , 0 , 0 ) [default]
colvars:       # enableForces = on [default]
colvars:       # disableForces = off [default]
colvars:       # centerReference = off [default]
colvars:       # rotateReference = off [default]
colvars:       # enableFitGradients = on [default]
colvars:       Atom group "group3" defined, 1 atoms initialized: total mass = 12.011.
colvars:       Initializing atom group "group4".
colvars:       # indexGroup = "" [default]
colvars:       # psfSegID =  [default]
colvars:       # atomsFile = "" [default]
colvars:       # dummyAtom = ( 0 , 0 , 0 ) [default]
colvars:       # enableForces = on [default]
colvars:       # disableForces = off [default]
colvars:       # centerReference = off [default]
colvars:       # rotateReference = off [default]
colvars:       # enableFitGradients = on [default]
colvars:       Atom group "group4" defined, 1 atoms initialized: total mass = 14.007.
colvars:   All components initialized.
colvars:   # width = 1 [default]
colvars:   # lowerBoundary = 0 [default]
colvars:   # lowerWallConstant = 0 [default]
colvars:   # upperBoundary = 0 [default]
colvars:   # upperWallConstant = 0 [default]
colvars:   # expandBoundaries = off [default]
colvars:   # extendedLagrangian = off [default]
colvars:   # outputValue = on [default]
colvars:   # outputVelocity = off [default]
colvars:   # outputSystemForce = off [default]
colvars:   # outputAppliedForce = on
colvars: ----------------------------------------------------------------------
colvars: Collective variables initialized, 1 in total.
colvars: ----------------------------------------------------------------------
colvars:   Initializing a new "harmonic" instance.
colvars:   # name = "harmonic1" [default]
colvars:   # colvars = { d }
colvars:   # outputEnergy = off [default]
colvars:   # forceConstant = 10
colvars:   # centers = { 135 }
colvars:   # targetCenters = { 165 }
colvars:   # targetForceConstant = 0 [default]
colvars:   # targetNumSteps = 2
colvars:   # targetNumStages = 10
colvars:   # targetForceExponent = 1 [default]
colvars:   # outputCenters = off [default]
colvars:   # outputAccumulatedWork = off [default]
colvars: ----------------------------------------------------------------------
colvars: Collective variables biases initialized, 1 in total.
colvars: ----------------------------------------------------------------------
colvars: Collective variables module initialized.
colvars: ----------------------------------------------------------------------
colvars:   Moving restraint stage 1 : setting centers to { 138 } at step 2
colvars:   Moving restraint stage 2 : setting centers to { 141 } at step 4
colvars:   Moving restraint stage 3 : setting centers to { 144 } at step 6
colvars:   Moving restraint stage 4 : setting centers to { 147 } at step 8
colvars:   Moving restraint stage 5 : setting centers to { 150 } at step 10
colvars:   Moving restraint stage 6 : setting centers to { 153 } at step 12
colvars:   Moving restraint stage 7 : setting centers to { 156 } at step 14
colvars:   Moving restraint stage 8 : setting centers to { 159 } at step 16
colvars:   Moving restraint stage 9 : setting centers to { 162 } at step 18
colvars:   Moving restraint stage 10 : setting centers to { 165 } at step 20
colvars: Saving collective variables state to "test.colvars.state".
