colvars: ----------------------------------------------------------------------
colvars: Please cite Fiorin et al, Mol Phys 2013:
colvars:  http://dx.doi.org/10.1080/00268976.2013.813594
colvars: in any publication based on this calculation.
colvars: SMP parallelism is available.
colvars: ----------------------------------------------------------------------
colvars: Reading new configuration from file "test.in":
colvars: # indexFile = "" [default]
colvars: # analysis = off [default]
colvars: # colvarsTrajFrequency = 1
colvars: # colvarsRestartFrequency = 0 [default]
colvars: # colvarsTrajAppend = off [default]
colvars: # scriptedColvarForces = off [default]
colvars: # scriptingAfterBiases = on [default]
colvars: Warning: no collective variables defined.
colvars: Collective variables initialized, 0 in total.
colvars: No collective variables biases were defined.
colvars: ----------------------------------------------------------------------
colvars: Collective variables module (re)initialized.
colvars: ----------------------------------------------------------------------
colvars: Updating NAMD interface:
colvars: updating atomic data (0 atoms).
colvars: updating group data (0 scalable groups, 0 atoms in total).
colvars: The final output state file will be "test.colvars.state".
colvars: Writing to colvar trajectory file "test.colvars.traj".
colvars: ----------------------------------------------------------------------
colvars: Reading new configuration:
colvars: # indexFile = "" [default]
colvars: # analysis = off [default]
colvars: # colvarsTrajFrequency = 1 [default]
colvars: # colvarsRestartFrequency = 0 [default]
colvars: # colvarsTrajAppend = off [default]
colvars: # scriptedColvarForces = off [default]
colvars: # scriptingAfterBiases = on [default]
colvars: ----------------------------------------------------------------------
colvars:   Initializing a new collective variable.
colvars:   # name = "d0"
colvars:   Initializing a new "distance" component.
colvars:     # componentCoeff = 1 [default]
colvars:     # componentExp = 1 [default]
colvars:     # period = 0 [default]
colvars:     # wrapAround = 0 [default]
colvars:     # scalable = on [default]
colvars:     # forceNoPBC = off [default]
colvars:     # oneSiteSystemForce = off [default]
colvars:     Will enable scalable calculation for group "group1".
colvars:       Initializing atom group "group1".
colvars:       # indexGroup = "" [default]
colvars:       # psfSegID =  [default]
colvars:       # atomsFile = "" [default]
colvars:       # dummyAtom = ( 0 , 0 , 0 ) [default]
colvars:       # enableForces = on [default]
colvars:       # centerReference = off [default]
colvars:       # rotateReference = off [default]
colvars:       # enableFitGradients = on [default]
colvars:       Atom group "group1" defined, 1 atoms initialized: total mass = 14.007, total charge = -0.62.
colvars:     Will enable scalable calculation for group "group2".
colvars:       Initializing atom group "group2".
colvars:       # indexGroup = "" [default]
colvars:       # psfSegID =  [default]
colvars:       # atomsFile = "" [default]
colvars:       # dummyAtom = ( 0 , 0 , 0 ) [default]
colvars:       # enableForces = on [default]
colvars:       # centerReference = off [default]
colvars:       # rotateReference = off [default]
colvars:       # enableFitGradients = on [default]
colvars:       Atom group "group2" defined, 1 atoms initialized: total mass = 1.008, total charge = 0.09.
colvars:   All components initialized.
colvars:   # width = 1 [default]
colvars:   # lowerBoundary = 0 [default]
colvars:   # lowerWallConstant = 0 [default]
colvars:   # upperBoundary = 0 [default]
colvars:   # upperWallConstant = 0 [default]
colvars:   # expandBoundaries = off [default]
colvars:   # timeStepFactor = 1 [default]
colvars:   # extendedLagrangian = off [default]
colvars:   # outputValue = on [default]
colvars:   # outputVelocity = off [default]
colvars:   # outputSystemForce = off [default]
colvars:   # outputAppliedForce = off [default]
colvars: ----------------------------------------------------------------------
colvars:   Initializing a new collective variable.
colvars:   # name = "d1"
colvars:   Initializing a new "distance" component.
colvars:     # componentCoeff = 1 [default]
colvars:     # componentExp = 1 [default]
colvars:     # period = 0 [default]
colvars:     # wrapAround = 0 [default]
colvars:     # scalable = on [default]
colvars:     # forceNoPBC = off [default]
colvars:     # oneSiteSystemForce = off [default]
colvars:     Will enable scalable calculation for group "group1".
colvars:       Initializing atom group "group1".
colvars:       # indexGroup = "" [default]
colvars:       # psfSegID =  [default]
colvars:       # atomsFile = "" [default]
colvars:       # dummyAtom = ( 0 , 0 , 0 ) [default]
colvars:       # enableForces = on [default]
colvars:       # centerReference = off [default]
colvars:       # rotateReference = off [default]
colvars:       # enableFitGradients = on [default]
colvars:       Atom group "group1" defined, 1 atoms initialized: total mass = 14.007, total charge = -0.62.
colvars:     Will enable scalable calculation for group "group2".
colvars:       Initializing atom group "group2".
colvars:       # indexGroup = "" [default]
colvars:       # psfSegID =  [default]
colvars:       # atomsFile = "" [default]
colvars:       # dummyAtom = ( 0 , 0 , 0 ) [default]
colvars:       # enableForces = on [default]
colvars:       # centerReference = off [default]
colvars:       # rotateReference = off [default]
colvars:       # enableFitGradients = on [default]
colvars:       Atom group "group2" defined, 1 atoms initialized: total mass = 1.008, total charge = 0.09.
colvars:   Initializing a new "distance" component.
colvars:     # componentCoeff = 1 [default]
colvars:     # componentExp = 1 [default]
colvars:     # period = 0 [default]
colvars:     # wrapAround = 0 [default]
colvars:     # scalable = on [default]
colvars:     # forceNoPBC = off [default]
colvars:     # oneSiteSystemForce = off [default]
colvars:     Will enable scalable calculation for group "group1".
colvars:       Initializing atom group "group1".
colvars:       # indexGroup = "" [default]
colvars:       # psfSegID =  [default]
colvars:       # atomsFile = "" [default]
colvars:       # dummyAtom = ( 0 , 0 , 0 ) [default]
colvars:       # enableForces = on [default]
colvars:       # centerReference = off [default]
colvars:       # rotateReference = off [default]
colvars:       # enableFitGradients = on [default]
colvars:       Atom group "group1" defined, 2 atoms initialized: total mass = 15.015, total charge = -0.31.
colvars:     Will enable scalable calculation for group "group2".
colvars:       Initializing atom group "group2".
colvars:       # indexGroup = "" [default]
colvars:       # psfSegID =  [default]
colvars:       # atomsFile = "" [default]
colvars:       # dummyAtom = ( 0 , 0 , 0 ) [default]
colvars:       # enableForces = on [default]
colvars:       # centerReference = off [default]
colvars:       # rotateReference = off [default]
colvars:       # enableFitGradients = on [default]
colvars:       Atom group "group2" defined, 2 atoms initialized: total mass = 13.019, total charge = -0.18.
colvars:   Initializing a new "distance" component.
colvars:     # componentCoeff = 1 [default]
colvars:     # componentExp = 1 [default]
colvars:     # period = 0 [default]
colvars:     # wrapAround = 0 [default]
colvars:     # scalable = on [default]
colvars:     # forceNoPBC = off [default]
colvars:     # oneSiteSystemForce = off [default]
colvars:     Will enable scalable calculation for group "group1".
colvars:       Initializing atom group "group1".
colvars:       # indexGroup = "" [default]
colvars:       # psfSegID =  [default]
colvars:       # atomsFile = "" [default]
colvars:       # dummyAtom = ( 0 , 0 , 0 ) [default]
colvars:       # enableForces = on [default]
colvars:       # centerReference = off [default]
colvars:       # rotateReference = off [default]
colvars:       # enableFitGradients = on [default]
colvars:       Atom group "group1" defined, 3 atoms initialized: total mass = 16.023, total charge = 0.
colvars:     Will enable scalable calculation for group "group2".
colvars:       Initializing atom group "group2".
colvars:       # indexGroup = "" [default]
colvars:       # psfSegID =  [default]
colvars:       # atomsFile = "" [default]
colvars:       # dummyAtom = ( 0 , 0 , 0 ) [default]
colvars:       # enableForces = on [default]
colvars:       # centerReference = off [default]
colvars:       # rotateReference = off [default]
colvars:       # enableFitGradients = on [default]
colvars:       Atom group "group2" defined, 3 atoms initialized: total mass = 14.027, total charge = -0.09.
colvars:   All components initialized.
colvars:   # width = 1 [default]
colvars:   # lowerBoundary = 0 [default]
colvars:   # lowerWallConstant = 0 [default]
colvars:   # upperBoundary = 0 [default]
colvars:   # upperWallConstant = 0 [default]
colvars:   # expandBoundaries = off [default]
colvars:   # timeStepFactor = 1 [default]
colvars:   # extendedLagrangian = off [default]
colvars:   # outputValue = on [default]
colvars:   # outputVelocity = off [default]
colvars:   # outputSystemForce = off [default]
colvars:   # outputAppliedForce = off [default]
colvars: ----------------------------------------------------------------------
colvars:   Initializing a new collective variable.
colvars:   # name = "d2"
colvars:   Initializing a new "distance" component.
colvars:     # componentCoeff = 1 [default]
colvars:     # componentExp = 1 [default]
colvars:     # period = 0 [default]
colvars:     # wrapAround = 0 [default]
colvars:     # scalable = on [default]
colvars:     # forceNoPBC = off [default]
colvars:     # oneSiteSystemForce = off [default]
colvars:     Will enable scalable calculation for group "group1".
colvars:       Initializing atom group "group1".
colvars:       # indexGroup = "" [default]
colvars:       # psfSegID =  [default]
colvars:       # atomsFile = "" [default]
colvars:       # dummyAtom = ( 0 , 0 , 0 ) [default]
colvars:       # enableForces = on [default]
colvars:       # centerReference = off [default]
colvars:       # rotateReference = off [default]
colvars:       # enableFitGradients = on [default]
colvars:       Atom group "group1" defined, 1 atoms initialized: total mass = 14.007, total charge = -0.62.
colvars:     Will enable scalable calculation for group "group2".
colvars:       Initializing atom group "group2".
colvars:       # indexGroup = "" [default]
colvars:       # psfSegID =  [default]
colvars:       # atomsFile = "" [default]
colvars:       # dummyAtom = ( 0 , 0 , 0 ) [default]
colvars:       # enableForces = on [default]
colvars:       # centerReference = off [default]
colvars:       # rotateReference = off [default]
colvars:       # enableFitGradients = on [default]
colvars:       Atom group "group2" defined, 1 atoms initialized: total mass = 1.008, total charge = 0.09.
colvars:   Initializing a new "distance" component.
colvars:     # componentCoeff = 1 [default]
colvars:     # componentExp = 1 [default]
colvars:     # period = 0 [default]
colvars:     # wrapAround = 0 [default]
colvars:     # scalable = on [default]
colvars:     # forceNoPBC = off [default]
colvars:     # oneSiteSystemForce = off [default]
colvars:     Will enable scalable calculation for group "group1".
colvars:       Initializing atom group "group1".
colvars:       # indexGroup = "" [default]
colvars:       # psfSegID =  [default]
colvars:       # atomsFile = "" [default]
colvars:       # dummyAtom = ( 0 , 0 , 0 ) [default]
colvars:       # enableForces = on [default]
colvars:       # centerReference = off [default]
colvars:       # rotateReference = off [default]
colvars:       # enableFitGradients = on [default]
colvars:       Atom group "group1" defined, 2 atoms initialized: total mass = 15.015, total charge = -0.31.
colvars:     Will enable scalable calculation for group "group2".
colvars:       Initializing atom group "group2".
colvars:       # indexGroup = "" [default]
colvars:       # psfSegID =  [default]
colvars:       # atomsFile = "" [default]
colvars:       # dummyAtom = ( 0 , 0 , 0 ) [default]
colvars:       # enableForces = on [default]
colvars:       # centerReference = off [default]
colvars:       # rotateReference = off [default]
colvars:       # enableFitGradients = on [default]
colvars:       Atom group "group2" defined, 2 atoms initialized: total mass = 13.019, total charge = -0.18.
colvars:   Initializing a new "distance" component.
colvars:     # componentCoeff = 1 [default]
colvars:     # componentExp = 1 [default]
colvars:     # period = 0 [default]
colvars:     # wrapAround = 0 [default]
colvars:     # scalable = on [default]
colvars:     # forceNoPBC = off [default]
colvars:     # oneSiteSystemForce = off [default]
colvars:     Will enable scalable calculation for group "group1".
colvars:       Initializing atom group "group1".
colvars:       # indexGroup = "" [default]
colvars:       # psfSegID =  [default]
colvars:       # atomsFile = "" [default]
colvars:       # dummyAtom = ( 0 , 0 , 0 ) [default]
colvars:       # enableForces = on [default]
colvars:       # centerReference = off [default]
colvars:       # rotateReference = off [default]
colvars:       # enableFitGradients = on [default]
colvars:       Atom group "group1" defined, 3 atoms initialized: total mass = 16.023, total charge = 0.
colvars:     Will enable scalable calculation for group "group2".
colvars:       Initializing atom group "group2".
colvars:       # indexGroup = "" [default]
colvars:       # psfSegID =  [default]
colvars:       # atomsFile = "" [default]
colvars:       # dummyAtom = ( 0 , 0 , 0 ) [default]
colvars:       # enableForces = on [default]
colvars:       # centerReference = off [default]
colvars:       # rotateReference = off [default]
colvars:       # enableFitGradients = on [default]
colvars:       Atom group "group2" defined, 3 atoms initialized: total mass = 14.027, total charge = -0.09.
colvars:   Initializing a new "distance" component.
colvars:     # componentCoeff = 1 [default]
colvars:     # componentExp = 1 [default]
colvars:     # period = 0 [default]
colvars:     # wrapAround = 0 [default]
colvars:     # scalable = on [default]
colvars:     # forceNoPBC = off [default]
colvars:     # oneSiteSystemForce = off [default]
colvars:     Will enable scalable calculation for group "group1".
colvars:       Initializing atom group "group1".
colvars:       # indexGroup = "" [default]
colvars:       # psfSegID =  [default]
colvars:       # atomsFile = "" [default]
colvars:       # dummyAtom = ( 0 , 0 , 0 ) [default]
colvars:       # enableForces = on [default]
colvars:       # centerReference = off [default]
colvars:       # rotateReference = off [default]
colvars:       # enableFitGradients = on [default]
colvars:       Atom group "group1" defined, 4 atoms initialized: total mass = 28.034, total charge = -0.1.
colvars:     Will enable scalable calculation for group "group2".
colvars:       Initializing atom group "group2".
colvars:       # indexGroup = "" [default]
colvars:       # psfSegID =  [default]
colvars:       # atomsFile = "" [default]
colvars:       # dummyAtom = ( 0 , 0 , 0 ) [default]
colvars:       # enableForces = on [default]
colvars:       # centerReference = off [default]
colvars:       # rotateReference = off [default]
colvars:       # enableFitGradients = on [default]
colvars:       Atom group "group2" defined, 4 atoms initialized: total mass = 15.035, total charge = 0.
colvars:   Initializing a new "distance" component.
colvars:     # componentCoeff = 1 [default]
colvars:     # componentExp = 1 [default]
colvars:     # period = 0 [default]
colvars:     # wrapAround = 0 [default]
colvars:     # scalable = on [default]
colvars:     # forceNoPBC = off [default]
colvars:     # oneSiteSystemForce = off [default]
colvars:     Will enable scalable calculation for group "group1".
colvars:       Initializing atom group "group1".
colvars:       # indexGroup = "" [default]
colvars:       # psfSegID =  [default]
colvars:       # atomsFile = "" [default]
colvars:       # dummyAtom = ( 0 , 0 , 0 ) [default]
colvars:       # enableForces = on [default]
colvars:       # centerReference = off [default]
colvars:       # rotateReference = off [default]
colvars:       # enableFitGradients = on [default]
colvars:       Atom group "group1" defined, 5 atoms initialized: total mass = 29.042, total charge = 0.
colvars:     Will enable scalable calculation for group "group2".
colvars:       Initializing atom group "group2".
colvars:       # indexGroup = "" [default]
colvars:       # psfSegID =  [default]
colvars:       # atomsFile = "" [default]
colvars:       # dummyAtom = ( 0 , 0 , 0 ) [default]
colvars:       # enableForces = on [default]
colvars:       # centerReference = off [default]
colvars:       # rotateReference = off [default]
colvars:       # enableFitGradients = on [default]
colvars:       Atom group "group2" defined, 5 atoms initialized: total mass = 16.043, total charge = 0.09.
colvars:   Initializing a new "distance" component.
colvars:     # componentCoeff = 1 [default]
colvars:     # componentExp = 1 [default]
colvars:     # period = 0 [default]
colvars:     # wrapAround = 0 [default]
colvars:     # scalable = on [default]
colvars:     # forceNoPBC = off [default]
colvars:     # oneSiteSystemForce = off [default]
colvars:     Will enable scalable calculation for group "group1".
colvars:       Initializing atom group "group1".
colvars:       # indexGroup = "" [default]
colvars:       # psfSegID =  [default]
colvars:       # atomsFile = "" [default]
colvars:       # dummyAtom = ( 0 , 0 , 0 ) [default]
colvars:       # enableForces = on [default]
colvars:       # centerReference = off [default]
colvars:       # rotateReference = off [default]
colvars:       # enableFitGradients = on [default]
colvars:       Atom group "group1" defined, 6 atoms initialized: total mass = 41.053, total charge = -0.27.
colvars:     Will enable scalable calculation for group "group2".
colvars:       Initializing atom group "group2".
colvars:       # indexGroup = "" [default]
colvars:       # psfSegID =  [default]
colvars:       # atomsFile = "" [default]
colvars:       # dummyAtom = ( 0 , 0 , 0 ) [default]
colvars:       # enableForces = on [default]
colvars:       # centerReference = off [default]
colvars:       # rotateReference = off [default]
colvars:       # enableFitGradients = on [default]
colvars:       Atom group "group2" defined, 6 atoms initialized: total mass = 28.054, total charge = 0.6.
colvars:   Initializing a new "distance" component.
colvars:     # componentCoeff = 1 [default]
colvars:     # componentExp = 1 [default]
colvars:     # period = 0 [default]
colvars:     # wrapAround = 0 [default]
colvars:     # scalable = on [default]
colvars:     # forceNoPBC = off [default]
colvars:     # oneSiteSystemForce = off [default]
colvars:     Will enable scalable calculation for group "group1".
colvars:       Initializing atom group "group1".
colvars:       # indexGroup = "" [default]
colvars:       # psfSegID =  [default]
colvars:       # atomsFile = "" [default]
colvars:       # dummyAtom = ( 0 , 0 , 0 ) [default]
colvars:       # enableForces = on [default]
colvars:       # centerReference = off [default]
colvars:       # rotateReference = off [default]
colvars:       # enableFitGradients = on [default]
colvars:       Atom group "group1" defined, 7 atoms initialized: total mass = 42.061, total charge = -0.18.
colvars:     Will enable scalable calculation for group "group2".
colvars:       Initializing atom group "group2".
colvars:       # indexGroup = "" [default]
colvars:       # psfSegID =  [default]
colvars:       # atomsFile = "" [default]
colvars:       # dummyAtom = ( 0 , 0 , 0 ) [default]
colvars:       # enableForces = on [default]
colvars:       # centerReference = off [default]
colvars:       # rotateReference = off [default]
colvars:       # enableFitGradients = on [default]
colvars:       Atom group "group2" defined, 7 atoms initialized: total mass = 44.053, total charge = 0.09.
colvars:   All components initialized.
colvars:   # width = 1 [default]
colvars:   # lowerBoundary = 0 [default]
colvars:   # lowerWallConstant = 0 [default]
colvars:   # upperBoundary = 0 [default]
colvars:   # upperWallConstant = 0 [default]
colvars:   # expandBoundaries = off [default]
colvars:   # timeStepFactor = 1 [default]
colvars:   # extendedLagrangian = off [default]
colvars:   # outputValue = on [default]
colvars:   # outputVelocity = off [default]
colvars:   # outputSystemForce = off [default]
colvars:   # outputAppliedForce = off [default]
colvars: ----------------------------------------------------------------------
colvars: Collective variables initialized, 3 in total.
colvars: No collective variables biases were defined.
colvars: ----------------------------------------------------------------------
colvars: Collective variables module (re)initialized.
colvars: ----------------------------------------------------------------------
colvars: Updating NAMD interface:
colvars: updating atomic data (0 atoms).
colvars: updating group data (14 scalable groups, 56 atoms in total).
colvars: Saving collective variables state to "test.colvars.state".
